Archive member included to satisfy reference by file (symbol)

/home/zzw/Developer/pok/examples/semaphores-wrr/pr2/../../..//libpok/libpok.a(arch.lo)
                              main.o (pok_do_syscall)
/home/zzw/Developer/pok/examples/semaphores-wrr/pr2/../../..//libpok/libpok.a(core.lo)
                              main.o (pok_thread_create)
/home/zzw/Developer/pok/examples/semaphores-wrr/pr2/../../..//libpok/libpok.a(libc.lo)
                              /home/zzw/Developer/pok/examples/semaphores-wrr/pr2/../../..//libpok/libpok.a(core.lo) (printf)

Merging program properties


Allocating common symbols
Common symbol       size              file

pok_allocator_memspace
                    0x8000            /home/zzw/Developer/pok/examples/semaphores-wrr/pr2/../../..//libpok/libpok.a(core.lo)
errno               0x4               /home/zzw/Developer/pok/examples/semaphores-wrr/pr2/../../..//libpok/libpok.a(core.lo)
pok_allocator_spaces
                    0x4b0             /home/zzw/Developer/pok/examples/semaphores-wrr/pr2/../../..//libpok/libpok.a(core.lo)

Discarded input sections

 .group         0x0000000000000000        0x8 main.o
 .note.gnu.property
                0x0000000000000000       0x1c activity.o
 .note.gnu.property
                0x0000000000000000       0x1c /home/zzw/Developer/pok/examples/semaphores-wrr/pr2/../../..//libpok/libpok.a(arch.lo)
 .group         0x0000000000000000        0x8 /home/zzw/Developer/pok/examples/semaphores-wrr/pr2/../../..//libpok/libpok.a(core.lo)
 .group         0x0000000000000000        0x8 /home/zzw/Developer/pok/examples/semaphores-wrr/pr2/../../..//libpok/libpok.a(core.lo)
 .group         0x0000000000000000        0x8 /home/zzw/Developer/pok/examples/semaphores-wrr/pr2/../../..//libpok/libpok.a(core.lo)
 .note.gnu.property
                0x0000000000000000       0x1c /home/zzw/Developer/pok/examples/semaphores-wrr/pr2/../../..//libpok/libpok.a(core.lo)
 .text.__x86.get_pc_thunk.bx
                0x0000000000000000        0x4 /home/zzw/Developer/pok/examples/semaphores-wrr/pr2/../../..//libpok/libpok.a(core.lo)
 .group         0x0000000000000000        0x8 /home/zzw/Developer/pok/examples/semaphores-wrr/pr2/../../..//libpok/libpok.a(libc.lo)
 .group         0x0000000000000000        0x8 /home/zzw/Developer/pok/examples/semaphores-wrr/pr2/../../..//libpok/libpok.a(libc.lo)
 .group         0x0000000000000000        0x8 /home/zzw/Developer/pok/examples/semaphores-wrr/pr2/../../..//libpok/libpok.a(libc.lo)
 .group         0x0000000000000000        0x8 /home/zzw/Developer/pok/examples/semaphores-wrr/pr2/../../..//libpok/libpok.a(libc.lo)
 .note.gnu.property
                0x0000000000000000       0x1c /home/zzw/Developer/pok/examples/semaphores-wrr/pr2/../../..//libpok/libpok.a(libc.lo)
 .text.__x86.get_pc_thunk.bx
                0x0000000000000000        0x4 /home/zzw/Developer/pok/examples/semaphores-wrr/pr2/../../..//libpok/libpok.a(libc.lo)
 .text.__x86.get_pc_thunk.bp
                0x0000000000000000        0x4 /home/zzw/Developer/pok/examples/semaphores-wrr/pr2/../../..//libpok/libpok.a(libc.lo)

Memory Configuration

Name             Origin             Length             Attributes
*default*        0x0000000000000000 0xffffffffffffffff

Linker script and memory map

                0x0000000000000000                . = 0x0
                0x0000000000000000                __partition_begin = .

.text           0x0000000000000000     0x13c7
 *(.text)
 .text          0x0000000000000000       0xc9 main.o
                0x0000000000000000                main
 .text          0x00000000000000c9        0x5 activity.o
                0x00000000000000c9                pinger_job
 .text          0x00000000000000ce       0x1c /home/zzw/Developer/pok/examples/semaphores-wrr/pr2/../../..//libpok/libpok.a(arch.lo)
                0x00000000000000ce                pok_arch_idle
                0x00000000000000d5                pok_do_syscall
 .text          0x00000000000000ea      0x932 /home/zzw/Developer/pok/examples/semaphores-wrr/pr2/../../..//libpok/libpok.a(core.lo)
                0x00000000000000ea                pok_allocator_print_spaces
                0x000000000000015a                pok_allocator_allocate
                0x000000000000033d                pok_allocator_delete_space
                0x00000000000003a1                pok_allocator_merge_space
                0x000000000000048a                pok_allocator_free
                0x0000000000000583                pok_time_gettick
                0x00000000000005d7                pok_time_get
                0x00000000000005eb                __pok_partition_start
                0x000000000000060d                pok_sem_create
                0x0000000000000692                pok_sem_signal
                0x00000000000006fd                pok_sem_status
                0x0000000000000707                pok_sem_wait
                0x0000000000000782                pok_thread_create
                0x00000000000007d6                pok_thread_attr_init
                0x0000000000000824                pok_thread_period
                0x0000000000000878                pok_thread_sleep
                0x00000000000008cc                pok_thread_status
                0x0000000000000920                pok_thread_delayed_start
                0x0000000000000974                pok_thread_set_priority
                0x00000000000009c8                pok_thread_resume
 .text          0x0000000000000a1c      0x9ab /home/zzw/Developer/pok/examples/semaphores-wrr/pr2/../../..//libpok/libpok.a(libc.lo)
                0x0000000000000d37                vprintf
                0x0000000000000e9d                printf
                0x0000000000000eb9                itoa
                0x0000000000000f7e                atoi
                0x0000000000000fc5                memcpy
                0x0000000000000ff5                memset
                0x000000000000101d                memcmp
                0x0000000000001066                strcmp
                0x00000000000010ac                strncmp
                0x000000000000110b                strcpy
                0x0000000000001141                strncpy
                0x0000000000001175                streq
                0x000000000000120d                strlen
                0x000000000000122f                __udivdi3
                0x00000000000012f6                __umoddi3
                0x0000000000001323                rand
                0x000000000000135e                free
                0x000000000000137f                malloc
                0x00000000000013a0                calloc

.text.__x86.get_pc_thunk.bx
                0x00000000000013c7        0x4
 .text.__x86.get_pc_thunk.bx
                0x00000000000013c7        0x4 main.o
                0x00000000000013c7                __x86.get_pc_thunk.bx

.iplt           0x00000000000013cb        0x0
 .iplt          0x00000000000013cb        0x0 main.o

.text.__x86.get_pc_thunk.si
                0x00000000000013cb        0x4
 .text.__x86.get_pc_thunk.si
                0x00000000000013cb        0x4 /home/zzw/Developer/pok/examples/semaphores-wrr/pr2/../../..//libpok/libpok.a(core.lo)
                0x00000000000013cb                __x86.get_pc_thunk.si

.text.__x86.get_pc_thunk.bp
                0x00000000000013cf        0x4
 .text.__x86.get_pc_thunk.bp
                0x00000000000013cf        0x4 /home/zzw/Developer/pok/examples/semaphores-wrr/pr2/../../..//libpok/libpok.a(core.lo)
                0x00000000000013cf                __x86.get_pc_thunk.bp

.text.__x86.get_pc_thunk.ax
                0x00000000000013d3        0x4
 .text.__x86.get_pc_thunk.ax
                0x00000000000013d3        0x4 /home/zzw/Developer/pok/examples/semaphores-wrr/pr2/../../..//libpok/libpok.a(libc.lo)
                0x00000000000013d3                __x86.get_pc_thunk.ax

.text.__x86.get_pc_thunk.di
                0x00000000000013d7        0x4
 .text.__x86.get_pc_thunk.di
                0x00000000000013d7        0x4 /home/zzw/Developer/pok/examples/semaphores-wrr/pr2/../../..//libpok/libpok.a(libc.lo)
                0x00000000000013d7                __x86.get_pc_thunk.di

.rodata         0x00000000000013dc       0x11
 *(.rodata)
 .rodata        0x00000000000013dc       0x11 /home/zzw/Developer/pok/examples/semaphores-wrr/pr2/../../..//libpok/libpok.a(libc.lo)

.eh_frame       0x00000000000013f0      0x974
 .eh_frame      0x00000000000013f0       0x60 main.o
 .eh_frame      0x0000000000001450       0x14 activity.o
                                         0x2c (size before relaxing)
 .eh_frame      0x0000000000001464       0x30 /home/zzw/Developer/pok/examples/semaphores-wrr/pr2/../../..//libpok/libpok.a(arch.lo)
                                         0x60 (size before relaxing)
 .eh_frame      0x0000000000001494      0x410 /home/zzw/Developer/pok/examples/semaphores-wrr/pr2/../../..//libpok/libpok.a(core.lo)
                                        0x58c (size before relaxing)
 .eh_frame      0x00000000000018a4      0x4c0 /home/zzw/Developer/pok/examples/semaphores-wrr/pr2/../../..//libpok/libpok.a(libc.lo)
                                        0x668 (size before relaxing)

.rodata.str1.4  0x0000000000001d64      0x22b
 .rodata.str1.4
                0x0000000000001d64      0x22b /home/zzw/Developer/pok/examples/semaphores-wrr/pr2/../../..//libpok/libpok.a(core.lo)

.note.gnu.property
                0x0000000000001f90       0x1c
 .note.gnu.property
                0x0000000000001f90       0x1c main.o

.rel.dyn        0x0000000000001fac        0x0
 .rel.got       0x0000000000001fac        0x0 main.o
 .rel.iplt      0x0000000000001fac        0x0 main.o
 .rel.text      0x0000000000001fac        0x0 main.o

.data           0x0000000000001fc0     0x8590
 *(.data)
 .data          0x0000000000001fc0        0x0 main.o
 .data          0x0000000000001fc0        0x0 activity.o
 .data          0x0000000000001fc0        0x0 /home/zzw/Developer/pok/examples/semaphores-wrr/pr2/../../..//libpok/libpok.a(arch.lo)
 .data          0x0000000000001fc0        0x0 /home/zzw/Developer/pok/examples/semaphores-wrr/pr2/../../..//libpok/libpok.a(core.lo)
 .data          0x0000000000001fc0        0x4 /home/zzw/Developer/pok/examples/semaphores-wrr/pr2/../../..//libpok/libpok.a(libc.lo)
 *(.bss)
 .bss           0x0000000000001fc4        0x0 main.o
 .bss           0x0000000000001fc4        0x0 activity.o
 .bss           0x0000000000001fc4        0x0 /home/zzw/Developer/pok/examples/semaphores-wrr/pr2/../../..//libpok/libpok.a(arch.lo)
 .bss           0x0000000000001fc4        0x8 /home/zzw/Developer/pok/examples/semaphores-wrr/pr2/../../..//libpok/libpok.a(core.lo)
                0x0000000000001fc4                pok_allocator_initialized
                0x0000000000001fc8                pok_allocator_used_spaces
 *fill*         0x0000000000001fcc       0x14 
 .bss           0x0000000000001fe0       0x84 /home/zzw/Developer/pok/examples/semaphores-wrr/pr2/../../..//libpok/libpok.a(libc.lo)
 *(COMMON)
 *fill*         0x0000000000002064       0x1c 
 COMMON         0x0000000000002080     0x84d0 /home/zzw/Developer/pok/examples/semaphores-wrr/pr2/../../..//libpok/libpok.a(core.lo)
                0x0000000000002080                pok_allocator_memspace
                0x000000000000a080                errno
                0x000000000000a0a0                pok_allocator_spaces
                0x000000000000a550                __partition_end = .
LOAD main.o
LOAD activity.o
LOAD /home/zzw/Developer/pok/examples/semaphores-wrr/pr2/../../..//libpok/libpok.a
LOAD /home/zzw/Developer/pok/examples/semaphores-wrr/pr2/../../..//libpok//libpok.a
OUTPUT(pr2.elf elf32-i386)

.got            0x000000000000a550        0x0
 .got           0x000000000000a550        0x0 main.o

.got.plt        0x000000000000a550        0xc
 .got.plt       0x000000000000a550        0xc main.o
                0x000000000000a550                _GLOBAL_OFFSET_TABLE_

.igot.plt       0x000000000000a55c        0x0
 .igot.plt      0x000000000000a55c        0x0 main.o

.data.rel.ro.local
                0x000000000000a560       0x6c
 .data.rel.ro.local
                0x000000000000a560       0x6c /home/zzw/Developer/pok/examples/semaphores-wrr/pr2/../../..//libpok/libpok.a(libc.lo)

.debug_info     0x0000000000000000     0x4d8a
 .debug_info    0x0000000000000000      0x30d main.o
 .debug_info    0x000000000000030d       0x95 activity.o
 .debug_info    0x00000000000003a2      0x385 /home/zzw/Developer/pok/examples/semaphores-wrr/pr2/../../..//libpok/libpok.a(arch.lo)
 .debug_info    0x0000000000000727     0x2e55 /home/zzw/Developer/pok/examples/semaphores-wrr/pr2/../../..//libpok/libpok.a(core.lo)
 .debug_info    0x000000000000357c     0x180e /home/zzw/Developer/pok/examples/semaphores-wrr/pr2/../../..//libpok/libpok.a(libc.lo)

.debug_abbrev   0x0000000000000000     0x1d59
 .debug_abbrev  0x0000000000000000      0x103 main.o
 .debug_abbrev  0x0000000000000103       0x6d activity.o
 .debug_abbrev  0x0000000000000170      0x135 /home/zzw/Developer/pok/examples/semaphores-wrr/pr2/../../..//libpok/libpok.a(arch.lo)
 .debug_abbrev  0x00000000000002a5      0xe2a /home/zzw/Developer/pok/examples/semaphores-wrr/pr2/../../..//libpok/libpok.a(core.lo)
 .debug_abbrev  0x00000000000010cf      0xc8a /home/zzw/Developer/pok/examples/semaphores-wrr/pr2/../../..//libpok/libpok.a(libc.lo)

.debug_aranges  0x0000000000000000      0x490
 .debug_aranges
                0x0000000000000000       0x20 main.o
 .debug_aranges
                0x0000000000000020       0x20 activity.o
 .debug_aranges
                0x0000000000000040       0x40 /home/zzw/Developer/pok/examples/semaphores-wrr/pr2/../../..//libpok/libpok.a(arch.lo)
 .debug_aranges
                0x0000000000000080      0x1f8 /home/zzw/Developer/pok/examples/semaphores-wrr/pr2/../../..//libpok/libpok.a(core.lo)
 .debug_aranges
                0x0000000000000278      0x218 /home/zzw/Developer/pok/examples/semaphores-wrr/pr2/../../..//libpok/libpok.a(libc.lo)

.debug_line     0x0000000000000000     0x2361
 .debug_line    0x0000000000000000      0x1a1 main.o
 .debug_line    0x00000000000001a1       0xf6 activity.o
 .debug_line    0x0000000000000297      0x114 /home/zzw/Developer/pok/examples/semaphores-wrr/pr2/../../..//libpok/libpok.a(arch.lo)
 .debug_line    0x00000000000003ab      0xf55 /home/zzw/Developer/pok/examples/semaphores-wrr/pr2/../../..//libpok/libpok.a(core.lo)
 .debug_line    0x0000000000001300     0x1061 /home/zzw/Developer/pok/examples/semaphores-wrr/pr2/../../..//libpok/libpok.a(libc.lo)

.debug_str      0x0000000000000000     0x13bf
 .debug_str     0x0000000000000000      0x6b1 main.o
                                        0x6e9 (size before relaxing)
 .debug_str     0x00000000000006b1       0x16 activity.o
                                        0x18d (size before relaxing)
 .debug_str     0x00000000000006c7      0x2f2 /home/zzw/Developer/pok/examples/semaphores-wrr/pr2/../../..//libpok/libpok.a(arch.lo)
                                        0xae5 (size before relaxing)
 .debug_str     0x00000000000009b9      0x6dc /home/zzw/Developer/pok/examples/semaphores-wrr/pr2/../../..//libpok/libpok.a(core.lo)
                                       0x812a (size before relaxing)
 .debug_str     0x0000000000001095      0x32a /home/zzw/Developer/pok/examples/semaphores-wrr/pr2/../../..//libpok/libpok.a(libc.lo)
                                       0x1e18 (size before relaxing)

.comment        0x0000000000000000       0x2a
 .comment       0x0000000000000000       0x2a main.o
                                         0x2b (size before relaxing)
 .comment       0x000000000000002a       0x2b activity.o
 .comment       0x000000000000002a       0xac /home/zzw/Developer/pok/examples/semaphores-wrr/pr2/../../..//libpok/libpok.a(arch.lo)
 .comment       0x000000000000002a      0x60c /home/zzw/Developer/pok/examples/semaphores-wrr/pr2/../../..//libpok/libpok.a(core.lo)
 .comment       0x000000000000002a      0x2db /home/zzw/Developer/pok/examples/semaphores-wrr/pr2/../../..//libpok/libpok.a(libc.lo)

.note.GNU-stack
                0x0000000000000000        0x0
 .note.GNU-stack
                0x0000000000000000        0x0 main.o
 .note.GNU-stack
                0x0000000000000000        0x0 activity.o
 .note.GNU-stack
                0x0000000000000000        0x0 /home/zzw/Developer/pok/examples/semaphores-wrr/pr2/../../..//libpok/libpok.a(arch.lo)
 .note.GNU-stack
                0x0000000000000000        0x0 /home/zzw/Developer/pok/examples/semaphores-wrr/pr2/../../..//libpok/libpok.a(core.lo)
 .note.GNU-stack
                0x0000000000000000        0x0 /home/zzw/Developer/pok/examples/semaphores-wrr/pr2/../../..//libpok/libpok.a(libc.lo)

.debug_loc      0x0000000000000000     0x12a4
 .debug_loc     0x0000000000000000       0x41 /home/zzw/Developer/pok/examples/semaphores-wrr/pr2/../../..//libpok/libpok.a(arch.lo)
 .debug_loc     0x0000000000000041      0x10f /home/zzw/Developer/pok/examples/semaphores-wrr/pr2/../../..//libpok/libpok.a(core.lo)
 .debug_loc     0x0000000000000150     0x1154 /home/zzw/Developer/pok/examples/semaphores-wrr/pr2/../../..//libpok/libpok.a(libc.lo)

.debug_ranges   0x0000000000000000       0x60
 .debug_ranges  0x0000000000000000       0x60 /home/zzw/Developer/pok/examples/semaphores-wrr/pr2/../../..//libpok/libpok.a(libc.lo)
