
Merging program properties

Removed property 0xc0000002 to merge sizes.o (0x3) and kernel/kernel.lo (not found)

Allocating common symbols
Common symbol       size              file

pok_idt             0x800             kernel/kernel.lo
pok_x86_pm_heap_end
                    0x4               kernel/kernel.lo
pok_multiboot_magic
                    0x4               kernel/kernel.lo
pok_x86_pm_heap_start
                    0x4               kernel/kernel.lo
pok_sched_next_major_frame
                    0x8               kernel/kernel.lo
pok_multiboot_info  0x4               kernel/kernel.lo
pit_freq            0x4               kernel/kernel.lo
pok_threads         0x398             kernel/kernel.lo
pok_stack           0x4000            kernel/kernel.lo
pok_x86_pm_brk      0x4               kernel/kernel.lo
pok_sched_next_deadline
                    0x8               kernel/kernel.lo
pok_global_sched    0x4               kernel/kernel.lo
pok_partitions      0xc0              kernel/kernel.lo
pok_gdt             0x800             kernel/kernel.lo
pok_sched_next_flush
                    0x8               kernel/kernel.lo
g_cons              0x3               kernel/kernel.lo
pok_tss             0x68              kernel/kernel.lo
pok_partitions_lockobjs
                    0x48              kernel/kernel.lo
pok_current_partition
                    0x2               kernel/kernel.lo

Discarded input sections

 .group         0x0000000000000000        0x8 kernel/kernel.lo
 .group         0x0000000000000000        0x8 kernel/kernel.lo
 .group         0x0000000000000000        0x8 kernel/kernel.lo
 .group         0x0000000000000000        0x8 kernel/kernel.lo
 .group         0x0000000000000000        0x8 kernel/kernel.lo
 .group         0x0000000000000000        0x8 kernel/kernel.lo
 .group         0x0000000000000000        0x8 kernel/kernel.lo
 .note.gnu.property
                0x0000000000000000       0x1c sizes.o

Memory Configuration

Name             Origin             Length             Attributes
*default*        0x0000000000000000 0xffffffffffffffff

Linker script and memory map

                0x0000000000100000                . = 0x100000
                0x0000000000100000                __pok_begin = .

.text           0x0000000000100000     0x4539
 *(.multiboot)
 .multiboot     0x0000000000100000       0x14 kernel/kernel.lo
 *(.text)
 .text          0x0000000000100014     0x4525 kernel/kernel.lo
                0x0000000000100014                pok_partition_setup_scheduler
                0x0000000000100063                pok_partition_setup_main_thread
                0x0000000000100102                pok_partition_init
                0x00000000001002c5                pok_partition_set_mode
                0x00000000001004b5                pok_partition_set_mode_current
                0x0000000000100505                pok_current_partition_get_id
                0x0000000000100529                pok_current_partition_get_period
                0x0000000000100563                pok_current_partition_get_duration
                0x0000000000100598                pok_current_partition_get_operating_mode
                0x00000000001005cb                pok_current_partition_get_lock_level
                0x00000000001005fe                pok_current_partition_get_start_condition
                0x0000000000100631                debug_strlen
                0x0000000000100653                pok_debug_print_current_state
                0x0000000000100942                pok_fatal
                0x000000000010098a                pok_lockobj_init
                0x0000000000100994                pok_lockobj_create
                0x0000000000100a11                pok_lockobj_partition_create
                0x0000000000100ad1                pok_lockobj_eventsignal
                0x0000000000100b3b                pok_lockobj_eventbroadcast
                0x0000000000100b9e                pok_lockobj_lock
                0x0000000000100cfb                pok_lockobj_unlock
                0x0000000000100dc7                pok_lockobj_eventwait
                0x0000000000100ed0                pok_lockobj_partition_wrapper
                0x0000000000101001                pok_thread_init
                0x00000000001011bd                pok_partition_thread_create
                0x00000000001013d2                pok_thread_start
                0x00000000001013e1                pok_thread_sleep
                0x0000000000101420                pok_thread_suspend
                0x0000000000101447                pok_thread_delayed_start
                0x00000000001015fa                pok_thread_get_status
                0x0000000000101695                pok_thread_set_priority
                0x00000000001016ff                pok_thread_resume
                0x000000000010177c                pok_thread_suspend_target
                0x000000000010180e                pok_sched_init
                0x00000000001018c3                pok_sched_get_priority_min
                0x00000000001018cd                pok_sched_get_priority_max
                0x00000000001018d7                pok_elect_partition
                0x0000000000101944                pok_elect_thread
                0x0000000000101b7d                pok_sched_context_switch
                0x0000000000101be8                pok_sched
                0x0000000000101c5f                pok_sched_part_wrr
                0x0000000000101e16                pok_sched_part_rr
                0x0000000000101e9d                pok_sched_unlock_thread
                0x0000000000101ebf                pok_sched_lock_current_thread
                0x0000000000101ee3                pok_sched_lock_current_thread_timed
                0x0000000000101f15                pok_sched_stop_self
                0x0000000000101f44                pok_sched_stop_thread
                0x0000000000101f66                pok_sched_end_period
                0x0000000000101fa8                pok_sched_get_current
                0x0000000000101fd6                pok_time_init
                0x0000000000102007                pok_core_syscall
                0x0000000000102665                pok_loader_load_partition
                0x000000000010279c                pok_boot
                0x00000000001027e8                pok_print_char
                0x0000000000102818                pok_print_attr
                0x0000000000102848                pok_write
                0x000000000010287b                pok_print_init
                0x00000000001028a3                memcpy
                0x00000000001028ce                memset
                0x00000000001028f6                __udivdi3
                0x00000000001029bd                __umoddi3
                0x0000000000102bd5                vprintf
                0x0000000000102d28                printf
                0x0000000000102d44                strlen
                0x0000000000102d66                strcmp
                0x0000000000102dac                strncmp
                0x0000000000102e0b                pok_cons_attr
                0x0000000000102e27                is_transmitter_holding_register
                0x0000000000102e38                write_serial
                0x0000000000102e53                pok_cons_print_char
                0x0000000000102fb3                is_received_data_ready
                0x0000000000102fc1                read_serial
                0x0000000000102fdc                pok_cons_get_char
                0x0000000000102fed                pok_cons_clear
                0x0000000000103073                pok_cons_write
                0x0000000000103182                pok_cons_disable_cursor
                0x00000000001031ba                pok_cons_init
                0x0000000000103255                core_entry
                0x0000000000103255                _core_entry
                0x0000000000103272                pok_bsp_init
                0x000000000010329e                pok_bsp_irq_acknowledge
                0x00000000001032c6                pok_bsp_irq_register
                0x0000000000103305                pok_bsp_mem_alloc
                0x0000000000103326                pok_bsp_time_init
                0x0000000000103343                pok_pm_init
                0x0000000000103390                pok_pm_sbrk
                0x00000000001033af                pok_pic_init
                0x0000000000103410                pok_pic_mask
                0x0000000000103452                pok_pic_unmask
                0x0000000000103494                pok_pic_eoi
                0x00000000001034b4                pit_interrupt
                0x00000000001034d9                pit_interrupt_handler
                0x000000000010354b                pok_x86_qemu_timer_init
                0x00000000001035b9                pok_arch_init
                0x00000000001035e0                pok_arch_preempt_disable
                0x00000000001035eb                pok_arch_preempt_enable
                0x00000000001035f6                pok_arch_idle
                0x00000000001035fd                pok_arch_event_register
                0x000000000010362f                pok_thread_stack_addr
                0x000000000010365f                tss_set_esp0
                0x000000000010367b                gdt_set_segment
                0x0000000000103772                gdt_set_system
                0x0000000000103803                pok_tss_init
                0x0000000000103858                pok_gdt_init
                0x00000000001038dd                gdt_enable
                0x00000000001038fc                gdt_disable
                0x000000000010391b                pok_idt_init
                0x000000000010395d                pok_event_init
                0x0000000000103989                pok_idt_set_gate
                0x0000000000103a0d                pok_context_switch
                0x0000000000103a22                pok_context_create
                0x0000000000103a84                pok_context_reset
                0x0000000000103ae0                pok_dispatch_space
                0x0000000000103b8c                pok_create_space
                0x0000000000103be3                pok_space_switch
                0x0000000000103c44                pok_space_base_vaddr
                0x0000000000103c4e                pok_space_context_create
                0x0000000000103cf4                syscall_gate
                0x0000000000103d1d                syscall_gate_handler
                0x0000000000103db8                pok_syscall_init
                0x0000000000103de8                update_tss
                0x0000000000103e0f                exception_divide_error
                0x0000000000103e34                exception_debug
                0x0000000000103e59                exception_nmi
                0x0000000000103e7e                exception_breakpoint
                0x0000000000103ea3                exception_overflow
                0x0000000000103ec8                exception_boundrange
                0x0000000000103eed                exception_invalidopcode
                0x0000000000103f12                exception_nomath_coproc
                0x0000000000103f37                exception_doublefault
                0x0000000000103f59                exception_copseg_overrun
                0x0000000000103f7e                exception_invalid_tss
                0x0000000000103fa0                exception_segment_not_present
                0x0000000000103fc2                exception_stackseg_fault
                0x0000000000103fe4                exception_general_protection
                0x0000000000104006                exception_pagefault
                0x0000000000104028                exception_fpu_fault
                0x000000000010404d                exception_alignement_check
                0x000000000010406f                exception_machine_check
                0x0000000000104094                exception_simd_fault
                0x0000000000104172                pok_exception_init
                0x00000000001041b8                exception_divide_error_handler
                0x00000000001041dc                exception_debug_handler
                0x000000000010420c                exception_nmi_handler
                0x000000000010423c                exception_breakpoint_handler
                0x000000000010426c                exception_overflow_handler
                0x000000000010429c                exception_boundrange_handler
                0x00000000001042cc                exception_invalidopcode_handler
                0x00000000001042fc                exception_nomath_coproc_handler
                0x000000000010432c                exception_doublefault_handler
                0x000000000010435c                exception_copseg_overrun_handler
                0x000000000010438c                exception_invalid_tss_handler
                0x00000000001043bc                exception_segment_not_present_handler
                0x00000000001043ec                exception_stackseg_fault_handler
                0x000000000010441c                exception_general_protection_handler
                0x000000000010444c                exception_pagefault_handler
                0x000000000010447c                exception_fpu_fault_handler
                0x00000000001044ac                exception_alignement_check_handler
                0x00000000001044dc                exception_machine_check_handler
                0x0000000000104509                exception_simd_fault_handler
 .text          0x0000000000104539        0x0 sizes.o

.text.__x86.get_pc_thunk.ax
                0x0000000000104539        0x4
 .text.__x86.get_pc_thunk.ax
                0x0000000000104539        0x4 kernel/kernel.lo
                0x0000000000104539                __x86.get_pc_thunk.ax

.text.__x86.get_pc_thunk.dx
                0x000000000010453d        0x4
 .text.__x86.get_pc_thunk.dx
                0x000000000010453d        0x4 kernel/kernel.lo
                0x000000000010453d                __x86.get_pc_thunk.dx

.text.__x86.get_pc_thunk.bx
                0x0000000000104541        0x4
 .text.__x86.get_pc_thunk.bx
                0x0000000000104541        0x4 kernel/kernel.lo
                0x0000000000104541                __x86.get_pc_thunk.bx

.text.__x86.get_pc_thunk.bp
                0x0000000000104545        0x4
 .text.__x86.get_pc_thunk.bp
                0x0000000000104545        0x4 kernel/kernel.lo
                0x0000000000104545                __x86.get_pc_thunk.bp

.text.__x86.get_pc_thunk.cx
                0x0000000000104549        0x4
 .text.__x86.get_pc_thunk.cx
                0x0000000000104549        0x4 kernel/kernel.lo
                0x0000000000104549                __x86.get_pc_thunk.cx

.text.__x86.get_pc_thunk.di
                0x000000000010454d        0x4
 .text.__x86.get_pc_thunk.di
                0x000000000010454d        0x4 kernel/kernel.lo
                0x000000000010454d                __x86.get_pc_thunk.di

.text.__x86.get_pc_thunk.si
                0x0000000000104551        0x4
 .text.__x86.get_pc_thunk.si
                0x0000000000104551        0x4 kernel/kernel.lo
                0x0000000000104551                __x86.get_pc_thunk.si

.iplt           0x0000000000104555        0x0
 .iplt          0x0000000000104555        0x0 kernel/kernel.lo

.rodata         0x0000000000104558      0x125
 *(.rodata)
 .rodata        0x0000000000104558      0x125 kernel/kernel.lo

.rodata.str1.1  0x000000000010467d      0x489
 .rodata.str1.1
                0x000000000010467d      0x489 kernel/kernel.lo
                                        0x48b (size before relaxing)

.rodata.str1.4  0x0000000000104b08       0xd3
 .rodata.str1.4
                0x0000000000104b08       0xd3 kernel/kernel.lo

.eh_frame       0x0000000000104bdc     0x1b50
 .eh_frame      0x0000000000104bdc     0x1b50 kernel/kernel.lo
                                       0x1e08 (size before relaxing)

.rel.dyn        0x000000000010672c        0x0
 .rel.got       0x000000000010672c        0x0 kernel/kernel.lo
 .rel.iplt      0x000000000010672c        0x0 kernel/kernel.lo
 .rel.text      0x000000000010672c        0x0 kernel/kernel.lo

.data           0x0000000000106740    0x38a2a
 *(.data)
 .data          0x0000000000106740       0x40 kernel/kernel.lo
                0x0000000000106740                current_thread
                0x0000000000106744                pok_sched_slots_allocation
                0x0000000000106760                pok_sched_slots
 .data          0x0000000000106780        0x8 sizes.o
                0x0000000000106780                part_sizes
 *(.bss)
 *fill*         0x0000000000106788       0x18 
 .bss           0x00000000001067a0     0x2048 kernel/kernel.lo
                0x00000000001067a0                pok_partitions_index
                0x00000000001067a2                pok_sched_current_slot
                0x00000000001067a8                pok_tick_counter
                0x00000000001067b0                pok_print_attr_fn
                0x00000000001067b4                pok_print_char_fn
 .bss           0x00000000001087e8        0x0 sizes.o
 *(COMMON)
 *fill*         0x00000000001087e8       0x18 
 COMMON         0x0000000000108800     0x558a kernel/kernel.lo
                0x0000000000108800                pok_idt
                0x0000000000109000                pok_x86_pm_heap_end
                0x0000000000109004                pok_multiboot_magic
                0x0000000000109008                pok_x86_pm_heap_start
                0x0000000000109010                pok_sched_next_major_frame
                0x0000000000109018                pok_multiboot_info
                0x000000000010901c                pit_freq
                0x0000000000109020                pok_threads
                0x00000000001093c0                pok_stack
                0x000000000010d3c0                pok_x86_pm_brk
                0x000000000010d3c8                pok_sched_next_deadline
                0x000000000010d3d0                pok_global_sched
                0x000000000010d3e0                pok_partitions
                0x000000000010d4a0                pok_gdt
                0x000000000010dca0                pok_sched_next_flush
                0x000000000010dca8                g_cons
                0x000000000010dcc0                pok_tss
                0x000000000010dd40                pok_partitions_lockobjs
                0x000000000010dd88                pok_current_partition
                0x000000000010dd8a                __archive_begin = .
 *(.archive)
                0x000000000010dd8a                __archive_end = .
                0x000000000010dd8a                __archive2_begin = .
 *(.archive2)
 .archive2      0x000000000010dd8a    0x313e0 sizes.o
                0x000000000013f16a                __archive2_end = .
                0x000000000013f16a                __pok_end = .
LOAD kernel/kernel.lo
LOAD sizes.o
OUTPUT(/home/zzw/Developer/pok/examples/semaphores-wrr/pok.elf elf32-i386)

.data.rel.ro.local
                0x000000000013f180       0x60
 .data.rel.ro.local
                0x000000000013f180       0x60 kernel/kernel.lo

.data.rel.ro    0x000000000013f1e0       0xa0
 .data.rel.ro   0x000000000013f1e0       0xa0 kernel/kernel.lo

.got            0x000000000013f280        0x8
 .got           0x000000000013f280        0x8 kernel/kernel.lo

.got.plt        0x000000000013f288        0xc
 .got.plt       0x000000000013f288        0xc kernel/kernel.lo
                0x000000000013f288                _GLOBAL_OFFSET_TABLE_

.igot.plt       0x000000000013f294        0x0
 .igot.plt      0x000000000013f294        0x0 kernel/kernel.lo

.comment        0x0000000000000000       0x2a
 .comment       0x0000000000000000       0x2a kernel/kernel.lo
                                        0x968 (size before relaxing)
 .comment       0x000000000000002a       0x2b sizes.o

.note.GNU-stack
                0x0000000000000000        0x0
 .note.GNU-stack
                0x0000000000000000        0x0 kernel/kernel.lo
 .note.GNU-stack
                0x0000000000000000        0x0 sizes.o

.debug_aranges  0x0000000000000000      0x668
 .debug_aranges
                0x0000000000000000      0x650 kernel/kernel.lo
 .debug_aranges
                0x0000000000000650       0x18 sizes.o

.debug_info     0x0000000000000000     0xa99c
 .debug_info    0x0000000000000000     0xa926 kernel/kernel.lo
 .debug_info    0x000000000000a926       0x76 sizes.o

.debug_abbrev   0x0000000000000000     0x2e88
 .debug_abbrev  0x0000000000000000     0x2e39 kernel/kernel.lo
 .debug_abbrev  0x0000000000002e39       0x4f sizes.o

.debug_line     0x0000000000000000     0x4859
 .debug_line    0x0000000000000000     0x47d7 kernel/kernel.lo
 .debug_line    0x00000000000047d7       0x82 sizes.o

.debug_str      0x0000000000000000     0x2638
 .debug_str     0x0000000000000000     0x2570 kernel/kernel.lo
                                       0xd034 (size before relaxing)
 .debug_str     0x0000000000002570       0xc8 sizes.o
                                        0x13d (size before relaxing)

.debug_loc      0x0000000000000000     0x23ec
 .debug_loc     0x0000000000000000     0x23ec kernel/kernel.lo

.debug_ranges   0x0000000000000000      0x400
 .debug_ranges  0x0000000000000000      0x400 kernel/kernel.lo
